2026-09-12T18:55:30+0000 INFO __main__: Starting run for 2026-09-12 (paper=False)
2026-09-12T18:56:19+0000 INFO data: Waiting 45.0s for a shared yfinance rate limit to clear.
2026-09-12T18:56:19+0000 INFO data: Waiting 45.0s for a shared yfinance rate limit to clear.
2026-09-12T18:56:19+0000 INFO data: Waiting 45.0s for a shared yfinance rate limit to clear.
2026-09-12T18:56:19+0000 INFO data: Waiting 45.0s for a shared yfinance rate limit to clear.
2026-09-12T18:56:19+0000 INFO data: Waiting 45.0s for a shared yfinance rate limit to clear.
2026-09-12T18:56:19+0000 INFO data: Waiting 44.9s for a shared yfinance rate limit to clear.
2026-09-12T18:57:04+0000 INFO data: Waiting 0.0s for a shared yfinance rate limit to clear.
2026-09-12T18:57:04+0000 INFO data: Waiting 0.0s for a shared yfinance rate limit to clear.
2026-09-12T18:57:04+0000 INFO data: Waiting 45.0s for a shared yfinance rate limit to clear.
2026-09-12T18:57:04+0000 INFO data: Waiting 45.0s for a shared yfinance rate limit to clear.
2026-09-12T18:57:04+0000 INFO data: Waiting 45.0s for a shared yfinance rate limit to clear.
2026-09-12T18:57:04+0000 INFO data: Waiting 45.0s for a shared yfinance rate limit to clear.
2026-09-12T18:57:04+0000 INFO data: Waiting 45.0s for a shared yfinance rate limit to clear.
2026-09-12T18:57:04+0000 INFO data: Waiting 45.0s for a shared yfinance rate limit to clear.
2026-09-12T18:57:49+0000 INFO data: Waiting 0.0s for a shared yfinance rate limit to clear.
2026-09-12T18:57:49+0000 INFO data: Waiting 0.0s for a shared yfinance rate limit to clear.
2026-09-12T18:57:49+0000 INFO data: Waiting 0.0s for a shared yfinance rate limit to clear.
2026-09-12T18:57:49+0000 INFO data: Waiting 0.0s for a shared yfinance rate limit to clear.
2026-09-12T18:57:49+0000 INFO data: Waiting 0.0s for a shared yfinance rate limit to clear.
2026-09-12T18:58:04+0000 INFO data: Waiting 45.0s for a shared yfinance rate limit to clear.
2026-09-12T18:58:04+0000 INFO data: Waiting 45.0s for a shared yfinance rate limit to clear.
2026-09-12T18:58:04+0000 INFO data: Waiting 45.0s for a shared yfinance rate limit to clear.
2026-09-12T18:58:04+0000 INFO data: Waiting 45.0s for a shared yfinance rate limit to clear.
2026-09-12T18:58:04+0000 INFO data: Waiting 44.9s for a shared yfinance rate limit to clear.
2026-09-12T18:58:04+0000 INFO data: Waiting 44.9s for a shared yfinance rate limit to clear.
2026-09-12T18:58:49+0000 INFO data: Waiting 0.1s for a shared yfinance rate limit to clear.
2026-09-12T18:58:49+0000 INFO data: Waiting 45.0s for a shared yfinance rate limit to clear.
2026-09-12T18:58:49+0000 INFO data: Waiting 45.0s for a shared yfinance rate limit to clear.
2026-09-12T18:58:49+0000 INFO data: Waiting 45.0s for a shared yfinance rate limit to clear.
2026-09-12T18:58:49+0000 INFO data: Waiting 45.0s for a shared yfinance rate limit to clear.
2026-09-12T18:58:49+0000 INFO data: Waiting 45.0s for a shared yfinance rate limit to clear.
2026-09-12T18:58:49+0000 INFO data: Waiting 45.0s for a shared yfinance rate limit to clear.
2026-09-12T18:59:34+0000 INFO data: Waiting 0.1s for a shared yfinance rate limit to clear.
2026-09-12T18:59:34+0000 INFO data: Waiting 0.1s for a shared yfinance rate limit to clear.
2026-09-12T18:59:34+0000 INFO data: Waiting 0.0s for a shared yfinance rate limit to clear.
2026-09-12T18:59:34+0000 INFO data: Waiting 0.0s for a shared yfinance rate limit to clear.
2026-09-12T18:59:46+0000 ERROR yfinance: HTTP Error 404: {"quoteSummary":{"result":null,"error":{"code":"Not Found","description":"Quote not found for symbol: CWEN-A"}}}
2026-09-12T18:59:49+0000 ERROR yfinance: HTTP Error 404: {"quoteSummary":{"result":null,"error":{"code":"Not Found","description":"Quote not found for symbol: CWEN-A"}}}
2026-09-12T18:59:49+0000 INFO data: Waiting 45.0s for a shared yfinance rate limit to clear.
2026-09-12T18:59:49+0000 INFO data: Waiting 45.0s for a shared yfinance rate limit to clear.
2026-09-12T18:59:49+0000 INFO data: Waiting 45.0s for a shared yfinance rate limit to clear.
2026-09-12T18:59:49+0000 INFO data: Waiting 45.0s for a shared yfinance rate limit to clear.
2026-09-12T18:59:49+0000 INFO data: Waiting 45.0s for a shared yfinance rate limit to clear.
2026-09-12T18:59:53+0000 INFO data: Waiting 41.1s for a shared yfinance rate limit to clear.
2026-09-12T19:00:34+0000 INFO data: Waiting 0.0s for a shared yfinance rate limit to clear.
2026-09-12T19:00:34+0000 INFO data: Waiting 0.0s for a shared yfinance rate limit to clear.
2026-09-12T19:00:34+0000 INFO data: Waiting 45.0s for a shared yfinance rate limit to clear.
2026-09-12T19:00:34+0000 INFO data: Waiting 45.0s for a shared yfinance rate limit to clear.
2026-09-12T19:00:34+0000 INFO data: Waiting 45.0s for a shared yfinance rate limit to clear.
2026-09-12T19:00:34+0000 INFO data: Waiting 45.0s for a shared yfinance rate limit to clear.
2026-09-12T19:00:34+0000 INFO data: Waiting 45.0s for a shared yfinance rate limit to clear.
2026-09-12T19:00:34+0000 INFO data: Waiting 45.0s for a shared yfinance rate limit to clear.
2026-09-12T19:01:19+0000 INFO data: Waiting 0.0s for a shared yfinance rate limit to clear.
2026-09-12T19:01:19+0000 INFO data: Waiting 0.0s for a shared yfinance rate limit to clear.
2026-09-12T19:01:19+0000 INFO data: Waiting 0.0s for a shared yfinance rate limit to clear.
2026-09-12T19:01:19+0000 INFO data: Waiting 0.0s for a shared yfinance rate limit to clear.
2026-09-12T19:01:19+0000 INFO data: Waiting 0.0s for a shared yfinance rate limit to clear.
2026-09-12T19:01:20+0000 ERROR yfinance: HTTP Error 404: {"quoteSummary":{"result":null,"error":{"code":"Not Found","description":"Quote not found for symbol: CWEN-A"}}}
2026-09-12T19:01:20+0000 WARNING data: CWEN-A: fetch failed after 4 attempts
Traceback (most recent call last):
  File "/home/runner/work/munger/munger/data.py", line 357, in _fetch_metrics_inner
    info, net_income = _fetch_raw(symbol)
                       ^^^^^^^^^^^^^^^^^^
  File "/home/runner/work/munger/munger/data.py", line 261, in _fetch_raw
    raise ValueError(
ValueError: no data returned for 'CWEN-A' (provider response didn't match; 1 keys returned, {'trailingPegRatio': None})
2026-09-12T19:01:34+0000 INFO data: Waiting 45.0s for a shared yfinance rate limit to clear.
2026-09-12T19:01:34+0000 INFO data: Waiting 45.0s for a shared yfinance rate limit to clear.
2026-09-12T19:01:34+0000 INFO data: Waiting 45.0s for a shared yfinance rate limit to clear.
2026-09-12T19:01:34+0000 INFO data: Waiting 45.0s for a shared yfinance rate limit to clear.
2026-09-12T19:01:34+0000 INFO data: Waiting 45.0s for a shared yfinance rate limit to clear.
2026-09-12T19:01:34+0000 INFO data: Waiting 44.9s for a shared yfinance rate limit to clear.
2026-09-12T19:02:19+0000 INFO data: Waiting 0.0s for a shared yfinance rate limit to clear.
2026-09-12T19:02:19+0000 INFO data: Waiting 45.0s for a shared yfinance rate limit to clear.
2026-09-12T19:02:19+0000 INFO data: Waiting 45.0s for a shared yfinance rate limit to clear.
2026-09-12T19:02:19+0000 INFO data: Waiting 45.0s for a shared yfinance rate limit to clear.
2026-09-12T19:02:19+0000 INFO data: Waiting 45.0s for a shared yfinance rate limit to clear.
2026-09-12T19:02:19+0000 INFO data: Waiting 45.0s for a shared yfinance rate limit to clear.
2026-09-12T19:02:19+0000 INFO data: Waiting 45.0s for a shared yfinance rate limit to clear.
2026-09-12T19:03:04+0000 INFO data: Waiting 0.1s for a shared yfinance rate limit to clear.
2026-09-12T19:03:04+0000 INFO data: Waiting 0.0s for a shared yfinance rate limit to clear.
2026-09-12T19:03:04+0000 INFO data: Waiting 0.0s for a shared yfinance rate limit to clear.
2026-09-12T19:03:04+0000 INFO data: Waiting 0.0s for a shared yfinance rate limit to clear.
2026-09-12T19:03:04+0000 INFO data: Waiting 0.0s for a shared yfinance rate limit to clear.
2026-09-12T19:04:58+0000 INFO xbrl: CIK 0001569650: no XBRL companyfacts on EDGAR (404)
2026-09-12T19:05:26+0000 WARNING xbrl: CROWN HOLDINGS, INC.: GrossProfit/Revenues|RevenueFromContractWithCustomerExcludingAssessedTax -- every common year (['2013-12-31', '2012-12-31', '2011-12-31']) was implausible or had a non-positive denominator; no margin computed
2026-09-12T19:07:13+0000 WARNING xbrl: ROIVANT SCIENCES LTD.: OperatingIncomeLoss/Revenues|RevenueFromContractWithCustomerExcludingAssessedTax -- every common year (['2026-03-31', '2025-03-31', '2024-03-31', '2023-03-31', '2022-03-31', '2021-03-31']) was implausible or had a non-positive denominator; no margin computed
2026-09-12T19:07:25+0000 WARNING xbrl: Vir Biotechnology, Inc.: OperatingIncomeLoss/Revenues|RevenueFromContractWithCustomerExcludingAssessedTax -- rejected implausible/non-positive-denominator year(s) ['2025-12-31', '2024-12-31', '2023-12-31'], using 2022-12-31 instead (ratio 0.5156)
2026-09-12T19:07:31+0000 WARNING xbrl: VERRA MOBILITY CORPORATION: OperatingIncomeLoss/Revenues|RevenueFromContractWithCustomerExcludingAssessedTax -- rejected implausible/non-positive-denominator year(s) ['2025-12-31', '2024-12-31', '2023-12-31', '2022-12-31', '2021-12-31', '2020-12-31'], using 2019-12-31 instead (ratio 0.2149)
2026-09-12T19:08:11+0000 WARNING xbrl: CYTOKINETICS, INCORPORATED: OperatingIncomeLoss/Revenues|RevenueFromContractWithCustomerExcludingAssessedTax -- rejected implausible/non-positive-denominator year(s) ['2025-12-31', '2024-12-31', '2023-12-31'], using 2022-12-31 instead (ratio -3.4275)
2026-09-12T19:09:10+0000 WARNING xbrl: EnerSys: GrossProfit/Revenues|RevenueFromContractWithCustomerExcludingAssessedTax -- every common year (['2020-03-31', '2019-03-31', '2018-03-31', '2017-03-31', '2016-03-31', '2015-03-31', '2014-03-31', '2013-03-31', '2012-03-31']) was implausible or had a non-positive denominator; no margin computed
2026-09-12T19:09:14+0000 INFO xbrl: CIK 0001492165: no XBRL companyfacts on EDGAR (404)
2026-09-12T19:11:25+0000 WARNING xbrl: NISOURCE INC.: GrossProfit/Revenues|RevenueFromContractWithCustomerExcludingAssessedTax -- rejected implausible/non-positive-denominator year(s) ['2019-12-31', '2018-12-31'], using 2017-12-31 instead (ratio 1.0000)
2026-09-12T19:12:06+0000 WARNING xbrl: FLOWSERVE CORP: GrossProfit/Revenues|RevenueFromContractWithCustomerExcludingAssessedTax -- every common year (['2025-12-31', '2024-12-31', '2023-12-31', '2022-12-31', '2021-12-31', '2020-12-31', '2019-12-31', '2018-12-31', '2017-12-31', '2016-12-31', '2015-12-31', '2014-12-31', '2013-12-31', '2012-12-31', '2011-12-31']) was implausible or had a non-positive denominator; no margin computed
2026-09-12T19:12:06+0000 WARNING xbrl: FLOWSERVE CORP: OperatingIncomeLoss/Revenues|RevenueFromContractWithCustomerExcludingAssessedTax -- every common year (['2025-12-31', '2024-12-31', '2023-12-31', '2022-12-31', '2021-12-31', '2020-12-31', '2019-12-31', '2018-12-31', '2017-12-31', '2016-12-31', '2015-12-31', '2014-12-31', '2013-12-31', '2012-12-31', '2011-12-31']) was implausible or had a non-positive denominator; no margin computed
2026-09-12T19:12:33+0000 WARNING xbrl: L3HARRIS TECHNOLOGIES, INC.: GrossProfit/Revenues|RevenueFromContractWithCustomerExcludingAssessedTax -- every common year (['2010-07-02']) was implausible or had a non-positive denominator; no margin computed
2026-09-12T19:12:39+0000 INFO screener: Screen complete: 1506 tickers, 14 buyable.
2026-09-12T19:12:39+0000 INFO __main__: Screen complete: 1506 tickers, 14 buyable.
2026-09-12T19:12:39+0000 WARNING __main__: KILL_SWITCH active -- screen-only run, no orders will be placed.
